// Jest Snapshot v1, https://goo.gl/fbAQLP

exports[`App renders - basic 1`] = `
<div
  className="App pure-g"
>
  <div
    className="pure-u-1-1 content-wrapper"
  >
    LogoComponent
    StatusPageComponent
  </div>
</div>
`;
