// Jest Snapshot v1, https://goo.gl/fbAQLP

exports[`Logo renders correctly 1`] = `
<a
  className="logotype"
  href=""
  onClick={[Function]}
>
  <span
    className="logo-wrapper"
  >
    ';--
  </span>
</a>
`;
